// Jest Snapshot v1, https://goo.gl/fbAQLP

exports[`epochs Can return aggregated Epoch data 1`] = `
Object {
  "epochs_aggregate": Object {
    "aggregate": Object {
      "count": "185",
      "max": Object {
        "number": 184,
        "output": "424616166073756860",
        "transactionsCount": "40972",
      },
      "min": Object {
        "output": "2654692166740613",
        "transactionsCount": "33",
      },
      "sum": Object {
        "output": "8293029495565297000",
        "transactionsCount": "1938088",
      },
    },
  },
}
`;

exports[`epochs Can return aggregated data 1`] = `
Object {
  "epochs": Array [
    Object {
      "activeStake_aggregate": Object {
        "aggregate": Object {
          "sum": Object {
            "amount": null,
          },
        },
      },
      "blocksCount": "21590",
      "blocks_aggregate": Object {
        "aggregate": Object {
          "avg": Object {
            "fees": 47846.34914312181,
            "size": 868.0383047707272,
          },
          "count": "21590",
          "max": Object {
            "fees": "1377042",
            "size": "648087",
          },
          "min": Object {
            "fees": "0",
            "size": "631",
          },
          "sum": Object {
            "fees": "1033002678",
            "size": "18740947",
          },
        },
      },
      "fees": 1033002678,
      "number": 1,
    },
    Object {
      "activeStake_aggregate": Object {
        "aggregate": Object {
          "sum": Object {
            "amount": "15859988643309526",
          },
        },
      },
      "blocksCount": "21627",
      "blocks_aggregate": Object {
        "aggregate": Object {
          "avg": Object {
            "fees": 237477.9113145605,
            "size": 491.35959680029595,
          },
          "count": "21627",
          "max": Object {
            "fees": "498861647",
            "size": "19292",
          },
          "min": Object {
            "fees": "0",
            "size": "3",
          },
          "sum": Object {
            "fees": "5135934788",
            "size": "10626634",
          },
        },
      },
      "fees": 5135934788,
      "number": 220,
    },
  ],
}
`;

exports[`epochs Can return filtered aggregated data 1`] = `
Object {
  "epochs": Array [
    Object {
      "blocks_aggregate": Object {
        "aggregate": Object {
          "count": "3123",
        },
      },
      "fees": 1033002678,
      "number": 1,
    },
  ],
}
`;

exports[`epochs Includes protocol params in effect for the epoch - aurum -qa 1`] = `
Object {
  "epochs": Array [
    Object {
      "protocolParams": Object {
        "a0": 0.3,
        "coinsPerUtxoWord": 34482,
        "collateralPercent": 150,
        "costModels": "fromList [(ZerepochV1,\\"fromList [(\\\\\\"add_integer-cpu-arguments-intercept\\\\\\",235735),(\\\\\\"add_integer-cpu-arguments-slope\\\\\\",1722),(\\\\\\"add_integer-memory-arguments-intercept\\\\\\",1),(\\\\\\"add_integer-memory-arguments-slope\\\\\\",1),(\\\\\\"cek_apply_cost-_ex_budget_cpu\\\\\\",39000),(\\\\\\"cek_apply_cost-_ex_budget_memory\\\\\\",10),(\\\\\\"cek_builtin_cost-_ex_budget_cpu\\\\\\",39000),(\\\\\\"cek_builtin_cost-_ex_budget_memory\\\\\\",10),(\\\\\\"cek_const_cost-_ex_budget_cpu\\\\\\",39000),(\\\\\\"cek_const_cost-_ex_budget_memory\\\\\\",10),(\\\\\\"cek_delay_cost-_ex_budget_cpu\\\\\\",39000),(\\\\\\"cek_delay_cost-_ex_budget_memory\\\\\\",10),(\\\\\\"cek_force_cost-_ex_budget_cpu\\\\\\",39000),(\\\\\\"cek_force_cost-_ex_budget_memory\\\\\\",10),(\\\\\\"cek_lam_cost-_ex_budget_cpu\\\\\\",39000),(\\\\\\"cek_lam_cost-_ex_budget_memory\\\\\\",10),(\\\\\\"cek_startup_cost-_ex_budget_cpu\\\\\\",1000000),(\\\\\\"cek_startup_cost-_ex_budget_memory\\\\\\",0),(\\\\\\"cek_var_cost-_ex_budget_cpu\\\\\\",39000),(\\\\\\"cek_var_cost-_ex_budget_memory\\\\\\",10),(\\\\\\"concatenate-cpu-arguments-intercept\\\\\\",420084),(\\\\\\"concatenate-cpu-arguments-slope\\\\\\",515),(\\\\\\"concatenate-memory-arguments-intercept\\\\\\",0),(\\\\\\"concatenate-memory-arguments-slope\\\\\\",1),(\\\\\\"divide_integer-cpu-arguments-model_split_const_intercept\\\\\\",330895),(\\\\\\"divide_integer-cpu-arguments-model_split_const_slope\\\\\\",427),(\\\\\\"divide_integer-memory-arguments-intercept\\\\\\",0),(\\\\\\"divide_integer-memory-arguments-minimum\\\\\\",1),(\\\\\\"divide_integer-memory-arguments-slope\\\\\\",1),(\\\\\\"drop_byte_string-cpu-arguments\\\\\\",3418326),(\\\\\\"drop_byte_string-memory-arguments\\\\\\",2),(\\\\\\"eq_byte_string-cpu-arguments-intercept\\\\\\",188562),(\\\\\\"eq_byte_string-cpu-arguments-slope\\\\\\",246),(\\\\\\"eq_byte_string-memory-arguments\\\\\\",1),(\\\\\\"eq_integer-cpu-arguments-intercept\\\\\\",211716),(\\\\\\"eq_integer-cpu-arguments-slope\\\\\\",867),(\\\\\\"eq_integer-memory-arguments\\\\\\",1),(\\\\\\"greater_than_eq_integer-cpu-arguments-intercept\\\\\\",216015),(\\\\\\"greater_than_eq_integer-cpu-arguments-slope\\\\\\",699),(\\\\\\"greater_than_eq_integer-memory-arguments\\\\\\",1),(\\\\\\"greater_than_integer-cpu-arguments-intercept\\\\\\",187278),(\\\\\\"greater_than_integer-cpu-arguments-slope\\\\\\",980),(\\\\\\"greater_than_integer-memory-arguments\\\\\\",1),(\\\\\\"gt_byte_string-cpu-arguments-intercept\\\\\\",204537),(\\\\\\"gt_byte_string-cpu-arguments-slope\\\\\\",227),(\\\\\\"gt_byte_string-memory-arguments\\\\\\",1),(\\\\\\"if_then_else-cpu-arguments\\\\\\",0),(\\\\\\"if_then_else-memory-arguments\\\\\\",0),(\\\\\\"less_than_eq_integer-cpu-arguments-intercept\\\\\\",216015),(\\\\\\"less_than_eq_integer-cpu-arguments-slope\\\\\\",699),(\\\\\\"less_than_eq_integer-memory-arguments\\\\\\",1),(\\\\\\"less_than_integer-cpu-arguments-intercept\\\\\\",187278),(\\\\\\"less_than_integer-cpu-arguments-slope\\\\\\",980),(\\\\\\"less_than_integer-memory-arguments\\\\\\",1),(\\\\\\"lt_byte_string-cpu-arguments-intercept\\\\\\",204537),(\\\\\\"lt_byte_string-cpu-arguments-slope\\\\\\",227),(\\\\\\"lt_byte_string-memory-arguments\\\\\\",1),(\\\\\\"mod_integer-cpu-arguments-model_split_const_intercept\\\\\\",330895),(\\\\\\"mod_integer-cpu-arguments-model_split_const_slope\\\\\\",427),(\\\\\\"mod_integer-memory-arguments-intercept\\\\\\",0),(\\\\\\"mod_integer-memory-arguments-minimum\\\\\\",1),(\\\\\\"mod_integer-memory-arguments-slope\\\\\\",1),(\\\\\\"multiply_integer-cpu-arguments-intercept\\\\\\",78642),(\\\\\\"multiply_integer-cpu-arguments-slope\\\\\\",11464),(\\\\\\"multiply_integer-memory-arguments-intercept\\\\\\",0),(\\\\\\"multiply_integer-memory-arguments-slope\\\\\\",1),(\\\\\\"quotient_integer-cpu-arguments-model_split_const_intercept\\\\\\",330895),(\\\\\\"quotient_integer-cpu-arguments-model_split_const_slope\\\\\\",427),(\\\\\\"quotient_integer-memory-arguments-intercept\\\\\\",0),(\\\\\\"quotient_integer-memory-arguments-slope\\\\\\",1),(\\\\\\"remainder_integer-cpu-arguments-model_split_const_intercept\\\\\\",330895),(\\\\\\"remainder_integer-cpu-arguments-model_split_const_slope\\\\\\",427),(\\\\\\"remainder_integer-memory-arguments-intercept\\\\\\",0),(\\\\\\"remainder_integer-memory-arguments-slope\\\\\\",1),(\\\\\\"sha2-cpu-arguments-intercept\\\\\\",2267819),(\\\\\\"sha2-cpu-arguments-slope\\\\\\",28904),(\\\\\\"sha2-memory-arguments\\\\\\",4),(\\\\\\"sha3-cpu-arguments-intercept\\\\\\",1260296),(\\\\\\"sha3-cpu-arguments-slope\\\\\\",81356),(\\\\\\"sha3-memory-arguments\\\\\\",4),(\\\\\\"subtract_integer-cpu-arguments-intercept\\\\\\",251934),(\\\\\\"subtract_integer-cpu-arguments-slope\\\\\\",1194),(\\\\\\"subtract_integer-memory-arguments-intercept\\\\\\",1),(\\\\\\"subtract_integer-memory-arguments-slope\\\\\\",1),(\\\\\\"take_byte_string-cpu-arguments\\\\\\",3420288),(\\\\\\"take_byte_string-memory-arguments\\\\\\",20),(\\\\\\"verify_signature-cpu-arguments\\\\\\",5082989),(\\\\\\"verify_signature-memory-arguments\\\\\\",1)]\\")]",
        "decentralisationParam": 0.25,
        "eMax": 18,
        "extraEntropy": null,
        "keyDeposit": 2000000,
        "maxBlockBodySize": 65536,
        "maxBlockExMem": "40000000000",
        "maxBlockExSteps": "40000000000",
        "maxBlockHeaderSize": 1100,
        "maxCollateralInputs": 3,
        "maxTxExMem": "10000000000",
        "maxTxExSteps": "10000000000",
        "maxTxSize": 32768,
        "maxValSize": "5000",
        "minFeeA": 44,
        "minFeeB": 155381,
        "minPoolCost": 340000000,
        "minUTxOValue": 34482,
        "nOpt": 150,
        "poolDeposit": 500000000,
        "priceMem": 0.005,
        "priceStep": 0.01,
        "protocolVersion": Object {
          "major": 2,
          "minor": 2,
        },
        "rho": 0.003,
        "tau": 0.2,
      },
    },
  ],
}
`;

exports[`epochs Includes protocol params in effect for the epoch - mainnet 1`] = `
Object {
  "epochs": Array [
    Object {
      "protocolParams": Object {
        "a0": 0.3,
        "coinsPerUtxoWord": null,
        "collateralPercent": null,
        "costModels": null,
        "decentralisationParam": 0.64,
        "eMax": 18,
        "extraEntropy": null,
        "keyDeposit": 2000000,
        "maxBlockBodySize": 65536,
        "maxBlockExMem": null,
        "maxBlockExSteps": null,
        "maxBlockHeaderSize": 1100,
        "maxCollateralInputs": null,
        "maxTxExMem": null,
        "maxTxExSteps": null,
        "maxTxSize": 16384,
        "maxValSize": null,
        "minFeeA": 44,
        "minFeeB": 155381,
        "minPoolCost": 340000000,
        "minUTxOValue": 1000000,
        "nOpt": 150,
        "poolDeposit": 500000000,
        "priceMem": null,
        "priceStep": null,
        "protocolVersion": Object {
          "major": 2,
          "minor": 2,
        },
        "rho": 0.003,
        "tau": 0.2,
      },
    },
  ],
}
`;

exports[`epochs Returns epoch details by number 1`] = `
Object {
  "epochs": Array [
    Object {
      "bccPots": Object {
        "deposits": "739776000000",
        "fees": "4970194949",
        "reserves": "13120582265809832",
        "rewards": "151012138061367",
        "slotNo": 9676800,
        "treasury": "94812346026398",
        "utxo": "31632848503907452",
      },
      "blocksCount": "21627",
      "fees": 5135934788,
      "lastBlockTime": "2020-10-02T21:44:19Z",
      "number": 220,
      "output": "12708523642248888",
      "startedAt": "2020-09-27T21:44:51Z",
      "transactionsCount": "19534",
    },
  ],
}
`;

exports[`epochs Returns epoch details by number range 1`] = `
Object {
  "epochs": Array [
    Object {
      "bccPots": null,
      "blocksCount": "21590",
      "fees": 1033002678,
      "lastBlockTime": "2017-10-03T21:44:31Z",
      "number": 1,
      "output": "101402912214214220",
      "startedAt": "2017-09-28T21:44:51Z",
      "transactionsCount": "12870",
    },
  ],
}
`;
